// Jest Snapshot v1, https://goo.gl/fbAQLP

exports[`deve renderizar o SearchBar corretamente 1`] = `
<View
  style={
    {
      "alignItems": "center",
      "backgroundColor": "#FFFFFF",
      "borderRadius": 12,
      "flexDirection": "row",
      "marginBottom": 16,
      "paddingHorizontal": 6,
    }
  }
>
  <Text />
  <TextInput
    onChangeText={[MockFunction]}
    placeholder="Buscar..."
    placeholderTextColor="#A9A9A9"
    style={
      {
        "color": "#000000",
        "flex": 1,
        "fontSize": 12,
        "height": 30,
      }
    }
    value="test"
  />
</View>
`;
